

> web@0.1.0 build
> next build

[1G[0K[1m[38;2;173;127;168m▲ Next.js 16.2.4[39m[22m (Turbopack)

[37m[1m [22m[39m Creating an optimized production build ...
Found 1 warning while optimizing generated CSS:

[2m│   }[22m
[2m│ }[22m
[2m│[22m @import url("https://fonts.googleapis.com/css2?family=Inter:wght@300;400;500;600;700;800&family=JetBrains+Mono:wght@400;500&display=swap");
[2m┆[22m        [33m[2m^--[22m @import rules must precede all rules aside from @charset and @layer statements[39m
[2m┆[22m
[2m│ @layer base {[22m
[2m│   *, *::before, *::after {[22m

[32m[1m✓[22m[39m Compiled successfully in 4.0s
[?25l[37m[1m [22m[39m Running TypeScript  [36m.[39m[2K[1G[37m[1m [22m[39m Running TypeScript  [36m..[39m[2K[1G[37m[1m [22m[39m Running TypeScript  [36m...[39m[2K[1G[37m[1m [22m[39m Running TypeScript  [36m.[39m[2K[1G[37m[1m [22m[39m Running TypeScript  [36m..[39m[2K[1G[37m[1m [22m[39m Running TypeScript  [36m...[39m[2K[1G[37m[1m [22m[39m Running TypeScript  [36m.[39m[2K[1G[37m[1m [22m[39m Running TypeScript  [36m..[39m[2K[1G[37m[1m [22m[39m Running TypeScript  [36m...[39m[2K[1G[37m[1m [22m[39m Running TypeScript  [36m.[39m[2K[1G[37m[1m [22m[39m Running TypeScript  [36m..[39m[2K[1G[?25h[?25l[37m[1m [22m[39m Finished TypeScript in 2.1s  [36m.[39m[2K[1G[?25h[37m[1m [22m[39m Finished TypeScript in 2.1s    [32m[1m✓[22m[39m Finished TypeScript in 2.1s 
[?25l[37m[1m [22m[39m Collecting page data using 9 workers  [36m.[39m[2K[1G[37m[1m [22m[39m Collecting page data using 9 workers  [36m..[39m[2K[1G[?25h[37m[1m [22m[39m Collecting page data using 9 workers in 248ms    [32m[1m✓[22m[39m Collecting page data using 9 workers in 248ms 
[?25l[37m[1m [22m[39m Generating static pages using 9 workers (0/10)  [36m[    ][39m[2K[1G[37m[1m [22m[39m Generating static pages using 9 workers (2/10)  [36m[=   ][39m[2K[1G[?25h[32m[1m✓[22m[39m Generating static pages using 9 workers (10/10) in 241ms
[?25l[37m[1m [22m[39m Finalizing page optimization  [36m.[39m[2K[1G[?25h[37m[1m [22m[39m Finalizing page optimization in 6ms    [32m[1m✓[22m[39m Finalizing page optimization in 6ms 

[4mRoute (app)[24m
┌ ○ /
├ ○ /_not-found
├ ○ /agent-builder
├ ○ /agents
├ ƒ /api/orders/[id]
├ ƒ /api/orders/[id]/approve
├ ƒ /api/orders/[id]/dispute
├ ƒ /api/orders/[id]/mark-delivered
├ ƒ /api/orders/create
├ ƒ /api/orders/user/[wallet]
├ ƒ /api/pay/x402
├ ○ /explore
└ ○ /swarm


○  (Static)   prerendered as static content
ƒ  (Dynamic)  server-rendered on demand

[?25h[1G[0K⠙[1G[0K
